**********************
nStart der Windows PowerShell-Aufzeichnung
Startzeit: 20260612140953
Benutzername: LAPTÖP\User
RunAs-Benutzer: LAPTÖP\User
Konfigurationsname: 
Computer: LAPTÖP (Microsoft Windows NT 10.0.26200.0)
Hostanwendung: C:\WINDOWS\System32\WindowsPowerShell\v1.0\powershell.exe -noexit -command try { . "c:\Users\User\AppData\Local\Programs\Microsoft VS Code\3c631b164c\resources\app\out\vs\workbench\contrib\terminal\common\scripts\shellIntegration.ps1" } catch {}
Prozess-ID: 29928
PSVersion: 5.1.26100.8655
PSEdition: Desktop
PSCompatibleVersions: 1.0, 2.0, 3.0, 4.0, 5.0, 5.1.26100.8655
BuildVersion: 10.0.26100.8655
CLRVersion: 4.0.30319.42000
WSManStackVersion: 3.0
PSRemotingProtocolVersion: 2.3
SerializationVersion: 1.1.0.1
**********************
Die Aufzeichnung wurde gestartet. Die Ausgabedatei ist "runfile_disc_gridStudyDdx=8.log".

[1/6] Starting: runfile_disc_gridStudyDdx=8.jl  |  2026-06-12 14:09:53
